[www.fibersensing.com/index.html]
[backblue.gif]
[fade.gif]
[index.html]
[www.fibersensing.com/humans.txt]
[www.fibersensing.com/public/imgs/id/fiber-social.jpg]
[www.fibersensing.com/public/imgs/id/favicon.ico]
[www.fibersensing.com/public/imgs/id/windows-title-288x288.png]
[www.fibersensing.com/public/imgs/id/windows-title-128x128.png]
[www.fibersensing.com/public/imgs/id/windows-title-270x270.png]
[www.fibersensing.com/public/imgs/id/windows-title-558x270.png]
[www.fibersensing.com/public/imgs/id/windows-title-558x558.png]
[www.fibersensing.com/public/imgs/id/touch-icon-192x192.png]
[www.fibersensing.com/public/imgs/id/apple-touch-icon-180x180-precomposed.png]
[www.fibersensing.com/public/imgs/id/apple-touch-icon-152x152-precomposed.png]
[www.fibersensing.com/public/imgs/id/apple-touch-icon-144x144-precomposed.png]
[www.fibersensing.com/public/imgs/id/apple-touch-icon-120x120-precomposed.png]
[www.fibersensing.com/public/imgs/id/apple-touch-icon-114x114-precomposed.png]
[www.fibersensing.com/public/imgs/id/apple-touch-icon-72x72-precomposed.png]
[www.fibersensing.com/public/imgs/id/apple-touch-icon-57x57-precomposed.png]
[fast.fonts.net/cssapi/90e80077-f142-493d-b4f7-d943b55384cc.css]
[www.fibersensing.com/public/scripts/fibersensing.min.css]
[www.fibersensing.com/public/scripts/awwwards.css]
[www.fibersensing.com/public/scripts/burocratik-detectors.min.js]
[www.fibersensing.com/public/imgs/icons-social.svg]
[www.fibersensing.com/external]
[www.fibersensing.com/lg/pt]
[www.fibersensing.com/pt.html]
[www.fibersensing.com/lg/en]
[www.fibersensing.com/lg/es]
[www.fibersensing.com/es.html]
[www.fibersensing.com/lg/fr.1b.delayed]
[www.fibersensing.com/fr.html]
[www.fibersensing.com/lg/de]
[www.fibersensing.com/de.html]
[www.fibersensing.com/lg/ru]
[www.fibersensing.com/ru.html]
[www.fibersensing.com/lg/cn]
[www.fibersensing.com/cn.html]
[www.fibersensing.com/company.html]
[www.fibersensing.com/news.html]
[www.fibersensing.com/rd/projects.html]
[www.fibersensing.com/market/civil.html]
[www.fibersensing.com/public/imgs/icons-market.svg]
[www.fibersensing.com/market/energy.html]
[www.fibersensing.com/market/aerospace.html]
[www.fibersensing.com/market/wind.html]
[www.fibersensing.com/market/other.html]
[www.fibersensing.com/cases/siemens.html]
[www.fibersensing.com/cases/rossio.html]
[www.fibersensing.com/cases/windmeter.html]
[www.fibersensing.com/cases/railways.html]
[www.fibersensing.com/cases/iter.html]
[www.fibersensing.com/products.html]
[www.fibersensing.com/contacts.html]
[www.fibersensing.com/public/files/home/world-home-flat-poster.jpg]
[www.fibersensing.com/public/files/home/world-home-flat.mp4]
[www.fibersensing.com/public/files/home/world-home-flat.35.delayed]
[www.fibersensing.com/public/files/home/world-home-flat.ogg]
[www.fibersensing.com/news/events/view/windexpo-2015.html]
[www.fibersensing.com/media/news/50/img_3558.jpg]
[www.fibersensing.com/news/events/view/automaticon.html]
[www.fibersensing.com/media/news/52/hp_logo_events_2.jpg]
[www.fibersensing.com/news/our-news/view/optical-sensors-for-iter-fusion-experiment.html]
[www.fibersensing.com/media/news/49/hp_pc120170_gruppenfoto.jpg]
[www.fibersensing.com/media/casestudies/8/hp.jpg]
[www.fibersensing.com/media/casestudies/16/hp.jpg]
[www.fibersensing.com/media/casestudies/20/hp.jpg]
[www.fibersensing.com/media/casestudies/19/hp.jpg]
[www.fibersensing.com/media/casestudies/18/hp.jpg]
[www.fibersensing.com/products/measurement-units/view/fs2100-industrial-braggmeter.html]
[www.fibersensing.com/media/products/2/thumb_fs22_1.png]
[www.fibersensing.com/products/measurement-units/view/fs4200-portable-braggmeter.html]
[www.fibersensing.com/media/products/9/thumb_untitled_1_1.png]
[www.fibersensing.com/products/fbg-sensors/view/single-axis-accelerometer.html]
[www.fibersensing.com/media/products/26/thumb_fs65_1.png]
[www.fibersensing.com/products/fbg-sensors/view/surface-strain-sensor.html]
[www.fibersensing.com/media/products/18/thumb_sss3.png]
[www.fibersensing.com/public/imgs/icon-onn.svg]
[www.fibersensing.com/public/imgs/icon-qren.svg]
[www.fibersensing.com/public/imgs/icon-ue.svg]
[www.fibersensing.com/public/files/home/home-canvas-bg.jpg]
[www.fibersensing.com/public/files/market/civil-header.jpg]
[www.fibersensing.com/public/files/market/energy-header.jpg]
[www.fibersensing.com/public/files/market/aerospace-header.jpg]
[www.fibersensing.com/public/files/market/wind-header.jpg]
[www.fibersensing.com/public/files/market/other-header.jpg]
[ajax.googleapis.com/ajax/libs/jquery/2.1.0/jquery.min.js]
[www.fibersensing.com/public/scripts/jquery-2.1.0.min.js]
[www.fibersensing.com/public/scripts/jquery-migrate-1.2.1.min.js]
[www.fibersensing.com/public/scripts/burocratik-workers.min.js]
[www.fibersensing.com/public/scripts/fibersensing.min.js]
[www.google-analytics.com/analytics.js]
[www.fibersensing.com/index.html]
[fast.fonts.net/cssapi/90e80077-f142-493d-b4f7-d943b55384cc.css]
[www.fibersensing.com/public/js/plugins_project/three.js]
[www.fibersensing.com/public/scripts/grab.5b.delayed]
[www.fibersensing.com/public/scripts/grabbing.png]
[www.fibersensing.com/public/scripts/blank.gif]
[www.fibersensing.com/public/fonts/fb-l-webfont.woff]
[www.fibersensing.com/public/fonts/fb-l-webfont.eot]
[www.fibersensing.com/public/fonts/fb-l-webfont.ttf]
[www.fibersensing.com/public/fonts/fb-l-webfontd41d.eot]
[www.fibersensing.com/public/fonts/fs-m-webfont.woff]
[www.fibersensing.com/public/fonts/fs-m-webfont.eot]
[www.fibersensing.com/public/fonts/fs-m-webfontd41d.eot]
[www.fibersensing.com/public/fonts/fs-m-webfont.ttf]
[www.fibersensing.com/public/fonts/fs-eb-webfont.woff]
[www.fibersensing.com/public/fonts/fs-eb-webfont.eot]
[www.fibersensing.com/public/fonts/fs-eb-webfontd41d.eot]
[www.fibersensing.com/public/imgs/id/id-degrade-bolas1.png]
[www.fibersensing.com/public/imgs/id/id-degrade-bolas2.png]
[www.fibersensing.com/public/imgs/id/id-degrade-bolas3.png]
[www.fibersensing.com/public/imgs/nav-main-bg.svg]
[www.fibersensing.com/public/fonts/fs-eb-webfont.ttf]
[www.fibersensing.com/public/imgs/icon-sound.svg]
[www.fibersensing.com/public/imgs/icon-back.svg]
[www.fibersensing.com/public/imgs/icon-fullscreen.svg]
[www.fibersensing.com/public/imgs/icon-bolas-lista-ok-small.svg]
[www.fibersensing.com/public/imgs/footer-vertical-shadow.png]
[www.fibersensing.com/public/imgs/icon-bolas-lista-ok.svg]
[www.fibersensing.com/public/imgs/icon-setas-slideproducts.svg]
[www.fibersensing.com/public/files/market/tablevideo-bg.png]
[www.fibersensing.com/public/files/market/tablevideo-safari-bg.png]
[www.fibersensing.com/public/imgs/id/id-hbm.svg]
[www.fibersensing.com/public/imgs/icon-casestudy.svg]
[www.fibersensing.com/public/imgs/icon-shareholders.svg]
[www.fibersensing.com/public/imgs/icon-shareholders-blue.svg]
[www.fibersensing.com/public/imgs/anim-seta-down.png]
[www.fibersensing.com/public/imgs/icon-wind.png]
[www.fibersensing.com/public/imgs/icon-civil.png]
[www.fibersensing.com/public/files/market/civil-darkarea-bg.gif]
[www.fibersensing.com/public/files/market/civil-sensors-left.png]
[www.fibersensing.com/public/files/market/civil-sensors-rgth.png]
[www.fibersensing.com/public/imgs/icon-i-info.svg]
[www.fibersensing.com/public/imgs/icon-energy.png]
[www.fibersensing.com/public/imgs/icon-aerospace.png]
[www.fibersensing.com/public/files/market/aerospace-clouds.png]
[www.fibersensing.com/public/imgs/icon-other.png]
[www.fibersensing.com/public/files/about-header.jpg]
[www.fibersensing.com/public/files/about-footer.jpg]
[www.fibersensing.com/public/imgs/icon-about.svg]
[www.fibersensing.com/public/imgs/icon-seta-hist.svg]
[www.fibersensing.com/public/imgs/about-history-scale.svg]
[www.fibersensing.com/public/files/contacts-header.jpg]
[www.fibersensing.com/public/files/news-header.jpg]
[www.fibersensing.com/public/files/rd-header.jpg]
[www.fibersensing.com/public/files/casestudies/siemens-header.jpg]
[www.fibersensing.com/public/files/casestudies/rossio-header.jpg]
[www.fibersensing.com/public/files/casestudies/windmeter-header.jpg]
[www.fibersensing.com/public/files/casestudies/railways-header.jpg]
[www.fibersensing.com/public/files/casestudies/iter-header.jpg]
[www.fibersensing.com/public/imgs/icon-video-replay.svg]
[www.fibersensing.com/public/imgs/icon-video-replay-dark.svg]
[www.fibersensing.com/public/files/market/civil-header-fusion.png]
[www.fibersensing.com/public/files/market/civil-bridge.jpg]
[www.fibersensing.com/public/files/market/civil-pattern.jpg]
[www.fibersensing.com/public/files/market/civil-stars-1.gif]
[www.fibersensing.com/public/files/market/civil-stars-2.gif]
[www.fibersensing.com/public/files/market/civil-stars-3.gif]
[www.fibersensing.com/public/files/market/civil-stars-4.gif]
[www.fibersensing.com/public/files/market/civil-stars-5.gif]
[www.fibersensing.com/public/files/market/civil-stars-6.gif]
[www.fibersensing.com/public/files/market/civil-entrada-1.png]
[www.fibersensing.com/public/files/market/civil-entrada-2.png]
[www.fibersensing.com/public/files/market/civil-entrada-2-dt.png]
[www.fibersensing.com/public/files/market/civil-entrada-3.png]
[www.fibersensing.com/public/files/market/civil-entrada-3-dt.png]
[www.fibersensing.com/public/files/market/civil-entrada-4.png]
[www.fibersensing.com/public/files/market/civil-entrada-4-dt.png]
[www.fibersensing.com/public/files/market/civil-entrada-5.png]
[www.fibersensing.com/public/files/market/civil-entrada-6.png]
[www.fibersensing.com/public/files/market/civil-entrada-7.png]
[www.fibersensing.com/public/files/market/civil-entrada-8.png]
[www.fibersensing.com/public/files/market/civil-entrada-10.png]
[www.fibersensing.com/public/files/market/civil-entrada-9.png]
[www.fibersensing.com/public/files/market/aerospace-alpes.jpg]
[www.fibersensing.com/public/files/market/energy-city.jpg]
[www.fibersensing.com/public/files/market/energy-city-bg.jpg]
[www.fibersensing.com/public/files/market/energy-stars-1-2.gif]
[www.fibersensing.com/public/files/market/energy-stars-1-3.gif]
[www.fibersensing.com/public/files/market/energy-stars-1-4.gif]
[www.fibersensing.com/public/files/market/energy-stars-1-5.gif]
[www.fibersensing.com/public/files/market/energy-stars-1-6.gif]
[www.fibersensing.com/public/files/market/energy-stars-1-7.gif]
[www.fibersensing.com/public/files/market/wind-turbinas-mountain.jpg]
[www.fibersensing.com/public/files/market/other-dirt.jpg]
[www.fibersensing.com/public/files/market/other-dirt-fusion.png]
[www.fibersensing.com/public/files/market/others-rocks-left.png]
[www.fibersensing.com/public/files/market/others-rocks-right.png]
[www.fibersensing.com/public/files/market/mobile/civil-header.jpg]
[www.fibersensing.com/public/files/market/mobile/civil-bridge.jpg]
[www.fibersensing.com/public/files/market/mobile/aerospace-header.jpg]
[www.fibersensing.com/public/files/market/mobile/aerospace-alpes.jpg]
[www.fibersensing.com/public/files/market/mobile/energy-header.jpg]
[www.fibersensing.com/public/files/market/mobile/energy-city.jpg]
[www.fibersensing.com/public/files/market/mobile/wind-header.jpg]
[www.fibersensing.com/public/files/market/mobile/wind-turbinas-mountain.jpg]
[www.fibersensing.com/public/files/market/mobile/other-header.jpg]
[www.fibersensing.com/public/files/market/mobile/other-dirt.jpg]
[www.fibersensing.com/public/files/products/HBM-marca.png]
[www.fibersensing.com/public/files/products/HBM-marca-arrow.png]
[www.fibersensing.com/public/imgs/icon.products-arrow-down@2x.png]
[www.fibersensing.com/public/imgs/icon.products-arrow-right@2x.png]
[www.fibersensing.com/public/imgs/icon-seta-slideshow.svg]
[www.fibersensing.com/public/imgs/icon-lightbox-check.svg]
[www.fibersensing.com/public/imgs/id/fibersensing.svg]
[www.fibersensing.com/public/imgs/id/id-hbm.png]
[www.fibersensing.com/public/files/market/civil-header-home.jpg]
[www.fibersensing.com/public/files/market/energy-header-home.jpg]
[www.fibersensing.com/public/files/market/aerospace-header-home.jpg]
[www.fibersensing.com/public/files/market/wind-header-home.jpg]
[www.fibersensing.com/public/files/market/other-header-home.jpg]
[www.fibersensing.com/public/imgs/pixel1x1-transparent.gif]
[www.fibersensing.com/public/imgs/intro-fiber-mobile.jpg]
[www.fibersensing.com/public/files/market/civil-video-world-poster.jpg]
[www.fibersensing.com/public/files/mobile/about-header.jpg]
[www.fibersensing.com/public/files/mobile/about-footer.jpg]
[www.fibersensing.com/public/scripts/fibersensing.min.css]
[www.fibersensing.com/public/scripts/ribbons/awwwards_sotd_black.png]
[www.fibersensing.com/public/scripts/ribbons/awwwards_sotd_silver.png]
[www.fibersensing.com/public/scripts/ribbons/awwwards_sotd_white.png]
[www.fibersensing.com/public/scripts/ribbons/awwwards_sotd_green.png]
[www.fibersensing.com/public/scripts/ribbons/awwwards_sotd_black@2x.png]
[www.fibersensing.com/public/scripts/ribbons/awwwards_sotd_silver@2x.png]
[www.fibersensing.com/public/scripts/ribbons/awwwards_sotd_white@2x.png]
[www.fibersensing.com/public/scripts/ribbons/awwwards_sotd_green@2x.png]
[www.fibersensing.com/public/scripts/awwwards.css]
[www.fibersensing.com/public/imgs/icons-social.svg]
[www.fibersensing.com/external.html]
[www.fibersensing.com/lg/en.da.delayed]
[www.fibersensing.com/pt.html]
[www.fibersensing.com/es.html]
[www.fibersensing.com/fr.html]
[www.fibersensing.com/de.html]
[www.fibersensing.com/ru.html]
[www.fibersensing.com/cn.html]
[www.fibersensing.com/media/company/1/icon_about.svg]
[www.fibersensing.com/media/company/2/contacts_slide1_3.jpg]
[www.fibersensing.com/media/company/2/bpi_2128.jpg]
[www.fibersensing.com/media/company/2/bpi_2150.jpg]
[www.fibersensing.com/media/company/2/bpi_2457.jpg]
[www.fibersensing.com/media/company/2/bpi_2179.jpg]
[www.fibersensing.com/company/view/fbg-technology.html]
[www.fibersensing.com/media/members/4/about_luisferreira.jpg]
[www.fibersensing.com/media/members/5/about_leader.jpg]
[www.fibersensing.com/media/members/6/about_francisco.jpg]
[www.fibersensing.com/media/members/7/about_albertomaia.jpg]
[www.fibersensing.com/media/company/6/qualidade_apcer.gif]
[www.fibersensing.com/media/company/6/qualidade_iqnet.gif]
[www.fibersensing.com/media/history/4/about_history_logo.png]
[www.fibersensing.com/public/imgs/icon-onn-white.svg]
[www.fibersensing.com/public/imgs/icon-qren-white.svg]
[www.fibersensing.com/public/imgs/icon-ue-white.svg]
[www.fibersensing.com/public/files/market/wind-slide1.jpg]
[www.fibersensing.com/public/files/about-luisferreira.jpg]
[www.fibersensing.com/company.html]
[www.fibersensing.com/news/our-news.html]
[www.fibersensing.com/news/in-the-news.html]
[www.fibersensing.com/news/events.html]
[www.fibersensing.com/news/events/view/ofs24.html]
[www.fibersensing.com/media/news/56/list_untitled_2_1.png]
[www.fibersensing.com/public/imgs/circle-130-mask.svg]
[www.fibersensing.com/news/events/view/husum-wind-energy.html]
[www.fibersensing.com/media/news/54/list_husumwind2015_md_rgb.png]
[www.fibersensing.com/news/events/view/shmii-7.html]
[www.fibersensing.com/media/news/55/list_shmii_7_2.jpg]
[www.fibersensing.com/news/events/view/sensor-test.html]
[www.fibersensing.com/media/news/53/list_untitled_2.jpg]
[www.fibersensing.com/news/our-news/view/job-opportunities-typo3-developer.html]
[www.fibersensing.com/media/news/57/list_logo_for_events_web.jpg]
[www.fibersensing.com/news/our-news/view/open-job-position-hardware-development-engineer.html]
[www.fibersensing.com/media/news/58/list_logo_for_events_web.jpg]
[www.fibersensing.com/news/all/page/index.html]
[www.fibersensing.com/public/files/company-footer.jpg]
[www.fibersensing.com/public/files/products/products-footer.jpg]
[www.fibersensing.com/news.html]
[www.fibersensing.com/rd/external.107.delayed]
[www.fibersensing.com/rd/publications.html]
[www.fibersensing.com/rd/projects/ongoing.html]
[www.fibersensing.com/rd/projects/concluded.html]
[www.fibersensing.com/rd/projects/ongoing/view/flpp-phase-3.html]
[www.fibersensing.com/public/imgs/no-image-thumb.jpg]
[www.fibersensing.com/rd/projects/ongoing/view/artes-5-2.html]
[www.fibersensing.com/media/rdprojects/11/20140918_160609.jpg]
[www.fibersensing.com/rd/projects/ongoing/view/tidal-ec.html]
[www.fibersensing.com/rd/projects/ongoing/view/minibragg.html]
[www.fibersensing.com/rd/projects/concluded/view/satellite.html]
[www.fibersensing.com/media/rdprojects/7/100_1539_1.jpg]
[www.fibersensing.com/rd/projects/concluded/view/micropack.html]
[www.fibersensing.com/media/rdprojects/6/microaligner.jpg]
[www.fibersensing.com/rd/projects.html]
[www.fibersensing.com/rd/projects/all/page/index.html]
[www.fibersensing.com/public/imgs/fb/market-civil.jpg]
[www.fibersensing.com/market/external.117.delayed]
[www.fibersensing.com/public/files/market/civil-red-light.gif]
[www.fibersensing.com/public/files/market/civil-light-1.gif]
[www.fibersensing.com/public/files/market/civil-light-2.gif]
[www.fibersensing.com/public/files/market/civil-light-3.gif]
[www.fibersensing.com/public/files/market/civil-light-4.gif]
[www.fibersensing.com/public/files/market/civil-light-5.gif]
[www.fibersensing.com/public/files/market/civil-light-6.gif]
[www.fibersensing.com/public/files/market/civil-light-7.gif]
[www.fibersensing.com/public/files/market/civil-predio-1.gif]
[www.fibersensing.com/public/files/market/civil-predio-2.gif]
[www.fibersensing.com/public/files/market/civil-predio-3.gif]
[www.fibersensing.com/public/files/market/civil-predio-4.gif]
[www.fibersensing.com/public/files/market/civil-predio-5.gif]
[www.fibersensing.com/public/files/market/civil-predio-6.gif]
[www.fibersensing.com/public/files/market/civil-video-world.mp4]
[www.fibersensing.com/public/files/market/civil-video-world.webm]
[www.fibersensing.com/public/files/market/civil-video-world.129.delayed]
[www.fibersensing.com/public/files/market/civil-paralax-graph.png]
[www.fibersensing.com/public/files/market/civil-paralax-graph2.png]
[www.fibersensing.com/media/applications/37/type1_le_a.jpg]
[www.fibersensing.com/market/civil/view/temperature-monitoring-ponte-de-leca.html]
[www.fibersensing.com/media/applications/2/img_0167_source_1.jpg]
[www.fibersensing.com/market/civil/view/shm-of-concrete-bridge.html]
[www.fibersensing.com/media/applications/6/type3_dsc08506_source_1.jpg]
[www.fibersensing.com/market/civil/view/shm.html]
[www.fibersensing.com/media/applications/36/type3_dsc04771.jpg]
[www.fibersensing.com/market/civil/view/stress-monitoring-aveiro.html]
[www.fibersensing.com/market/civil/template1/1.html]
[www.fibersensing.com/market/civil/template1/2.html]
[www.fibersensing.com/market/civil/template1/3.html]
[www.fibersensing.com/media/applications/7/type2_t_nel_rossio2.jpg]
[www.fibersensing.com/market/civil/view/deformation-and-convergence-measurement.html]
[www.fibersensing.com/media/applications/9/type3_photo_0573.jpg]
[www.fibersensing.com/market/civil/view/stress-monitoring.html]
[www.fibersensing.com/public/files/market/civil-paralax-graph3.png]
[www.fibersensing.com/media/customers/1/epos.gif]
[www.fibersensing.com/media/customers/2/refer.gif]
[www.fibersensing.com/media/customers/3/sites_1.gif]
[www.fibersensing.com/media/customers/4/smartec_1.gif]
[www.fibersensing.com/products/fbg-sensors/view/fs6300-weldable-temperature-sensor.html]
[www.fibersensing.com/media/products/29/wts2.png]
[www.fibersensing.com/products/fbg-sensors/view/fs6300-embedded-temperature-sensor.html]
[www.fibersensing.com/media/products/28/ets3.png]
[www.fibersensing.com/products/fbg-sensors/view/embedded-strain-sensor.html]
[www.fibersensing.com/media/products/20/sensores_destaque2.png]
[www.fibersensing.com/media/products/18/sss3.png]
[www.fibersensing.com/public/files/market/other-footer.jpg]
[www.fibersensing.com/public/files/market/energy-footer.jpg]
[www.fibersensing.com/public/files/market/civil-header.mp3]
[www.fibersensing.com/public/files/market/civil-header.ogg]
[www.fibersensing.com/public/files/market/civil-content.mp3]
[www.fibersensing.com/public/files/market/civil-content.ogg]
[www.fibersensing.com/market/civil.html]
[www.fibersensing.com/public/imgs/icons-market.svg]
[www.fibersensing.com/public/imgs/fb/market-energy.jpg]
[www.fibersensing.com/public/files/market/energy-paralax-graph.png]
[www.fibersensing.com/media/applications/12/type1_dscf0015.jpg]
[www.fibersensing.com/market/energy/view/vibration-monitoring-oem-system-12.html]
[www.fibersensing.com/media/applications/13/copy_of_p9230201.jpg]
[www.fibersensing.com/market/energy/view/temperature-monitoring-oem-system.html]
[www.fibersensing.com/media/applications/10/type3_img_3394_source_1.jpg]
[www.fibersensing.com/market/energy/view/hot-spot-monitoring.html]
[www.fibersensing.com/public/files/market/market_applications_type3_default.png]
[www.fibersensing.com/public/files/market/market_applications_type2_default.png]
[www.fibersensing.com/media/customers/21/siemens.jpg]
[www.fibersensing.com/media/customers/24/efacec.jpg]
[www.fibersensing.com/media/customers/22/ge.jpg]
[www.fibersensing.com/media/products/9/untitled_1_1.png]
[www.fibersensing.com/products/fbg-sensors/view/fs6300-high-temperature-dielectric-probe.html]
[www.fibersensing.com/media/products/30/dtp.png]
[www.fibersensing.com/products/fbg-sensors/view/composite-temperature-sensor.html]
[www.fibersensing.com/media/products/23/cs2.png]
[www.fibersensing.com/products/fbg-sensors/view/fs6200-strain-sensors.html]
[www.fibersensing.com/media/products/15/cs2.png]
[www.fibersensing.com/public/files/market/civil-footer.jpg]
[www.fibersensing.com/public/files/market/aerospace-footer.jpg]
[www.fibersensing.com/public/files/market/energy-header.mp3]
[www.fibersensing.com/public/files/market/energy-header.ogg]
[www.fibersensing.com/public/files/market/energy-content.mp3]
[www.fibersensing.com/public/files/market/energy-content.ogg]
[www.fibersensing.com/public/files/market/fibra-1-1.gif]
[www.fibersensing.com/public/files/market/fibra-1-2.gif]
[www.fibersensing.com/public/files/market/fibra-1-3.gif]
[www.fibersensing.com/public/files/market/fibra-2.gif]
[www.fibersensing.com/public/files/market/fibra-1-2-glow.gif]
[www.fibersensing.com/market/energy.html]
[www.fibersensing.com/public/imgs/fb/market-aerospace.jpg]
[www.fibersensing.com/public/files/market/aerospace-flight-time.gif]
[www.fibersensing.com/media/applications/42/type3_100_1539.jpg]
[www.fibersensing.com/market/aerospace/view/spacecraft-health-monitoring-42.html]
[www.fibersensing.com/media/applications/33/type3_img00100_20090512_1714.jpg]
[www.fibersensing.com/market/aerospace/view/strain-monitoring-33.html]
[www.fibersensing.com/market/aerospace/template2/1.html]
[www.fibersensing.com/market/aerospace/template2/2.html]
[www.fibersensing.com/media/applications/26/ensaio_para_o_sistema_de_monitoriza_o_de_temperatura_nos_motores_ionicos_de_propuls_o_electrica_crisa_1_1.jpg]
[www.fibersensing.com/market/aerospace/view/satellite-health-monitoring.html]
[www.fibersensing.com/media/applications/22/type1_2013_05_30_12_12_20_1_source_1.jpg]
[www.fibersensing.com/market/aerospace/view/strain-monitoring-22.html]
[www.fibersensing.com/public/files/market/wind-application-transp.gif]
[www.fibersensing.com/media/applications/24/type3_airbus.jpg]
[www.fibersensing.com/market/aerospace/view/strain-monitoring-24.html]
[www.fibersensing.com/media/applications/23/type2_aviao_copy.jpg]
[www.fibersensing.com/market/aerospace/view/strain-monitoring-23.html]
[www.fibersensing.com/media/customers/5/esa.gif]
[www.fibersensing.com/media/customers/6/airbus.jpg]
[www.fibersensing.com/media/customers/8/thalesalenia.gif]
[www.fibersensing.com/media/customers/25/cnes.jpg]
[www.fibersensing.com/media/customers/9/kawasaki.jpg]
[www.fibersensing.com/public/files/market/wind-footer.jpg]
[www.fibersensing.com/public/files/market/aerospace-header.mp3]
[www.fibersensing.com/public/files/market/aerospace-header.ogg]
[www.fibersensing.com/public/files/market/aerospace-content.mp3]
[www.fibersensing.com/public/files/market/aerospace-content.ogg]
[www.fibersensing.com/market/aerospace.html]
[www.fibersensing.com/public/imgs/fb/market-wind.jpg]
[www.fibersensing.com/public/files/market/wind-turbinas-mountain-nuvem.png]
[www.fibersensing.com/public/files/market/wind-slide2.jpg]
[www.fibersensing.com/public/files/market/wind-slide3.jpg]
[www.fibersensing.com/media/applications/14/type1_20140829_112415.jpg]
[www.fibersensing.com/market/wind/view/load-test.html]
[www.fibersensing.com/media/applications/21/2011_01_18_16_20_31.jpg]
[www.fibersensing.com/market/wind/view/design-validation.html]
[www.fibersensing.com/media/applications/19/type3_20130924_092654_1.jpg]
[www.fibersensing.com/market/wind/view/condition-monitoring-system-19.html]
[www.fibersensing.com/media/applications/18/type3_2012_08_02_10_40_50.jpg]
[www.fibersensing.com/market/wind/view/strain-monitoring-18.html]
[www.fibersensing.com/market/wind/template1/1.html]
[www.fibersensing.com/market/wind/template1/2.html]
[www.fibersensing.com/media/applications/17/type2_p1030813.jpg]
[www.fibersensing.com/market/wind/view/strain-monitoring.html]
[www.fibersensing.com/media/applications/16/type3_20130827_191537_1_source_2.jpg]
[www.fibersensing.com/market/wind/view/pitch-control-16.html]
[www.fibersensing.com/public/files/casestudies/wind-preview.png]
[www.fibersensing.com/public/files/market/wind-video1.mp4]
[www.fibersensing.com/public/files/market/wind-video1.webm]
[www.fibersensing.com/public/files/market/wind-video1.ogg]
[www.fibersensing.com/media/customers/27/owilab.jpg]
[www.fibersensing.com/media/customers/26/maia_eolis.jpg]
[www.fibersensing.com/media/customers/10/astrium.gif]
[www.fibersensing.com/media/customers/11/cener.gif]
[www.fibersensing.com/media/customers/12/ecn.gif]
[www.fibersensing.com/media/customers/19/inegi.jpg]
[www.fibersensing.com/public/files/market/wind-header.mp3]
[www.fibersensing.com/public/files/market/wind-header.ogg]
[www.fibersensing.com/public/files/market/wind-content.mp3]
[www.fibersensing.com/public/files/market/wind-content.ogg]
[www.fibersensing.com/market/wind.html]
[www.fibersensing.com/public/imgs/fb/market-other.jpg]
[www.fibersensing.com/public/imgs/icon-defense.svg]
[www.fibersensing.com/public/imgs/icon-industry.svg]
[www.fibersensing.com/public/imgs/icon-oil.svg]
[www.fibersensing.com/public/imgs/icon-lab.svg]
[www.fibersensing.com/public/imgs/icon-university.svg]
[www.fibersensing.com/media/applications/40/type1_120110_sy521_010_jpg.jpg]
[www.fibersensing.com/market/other/view/vibration-monitoring-40.html]
[www.fibersensing.com/media/applications/41/picture3.jpg]
[www.fibersensing.com/market/other/view/load-sensing.html]
[www.fibersensing.com/media/applications/35/type3_2_1.png]
[www.fibersensing.com/market/other/view/p-t-down-hole-monitoring.html]
[www.fibersensing.com/media/applications/34/type3_dsc01583_source_2.jpg]
[www.fibersensing.com/market/other/view/strain-monitoring-34.html]
[www.fibersensing.com/media/applications/31/type2_sdfds_1.jpg]
[www.fibersensing.com/market/other/view/strain-monitoring-31.html]
[www.fibersensing.com/media/applications/29/type3_iter_reactor_source_1.jpg]
[www.fibersensing.com/market/other/view/strain-temperature-and-displacement-monitoring.html]
[www.fibersensing.com/media/customers/14/cern.gif]
[www.fibersensing.com/media/customers/15/iter.gif]
[www.fibersensing.com/media/customers/16/emirates_team.gif]
[www.fibersensing.com/media/customers/17/lunarossa.gif]
[www.fibersensing.com/media/customers/18/st.gif]
[www.fibersensing.com/public/files/market/other-header.mp3]
[www.fibersensing.com/public/files/market/other-header.ogg]
[www.fibersensing.com/market/other.html]
[www.fibersensing.com/cases/external.1c4.delayed]
[www.fibersensing.com/media/casestudies/8/entrada.jpg]
[www.fibersensing.com/media/casestudies/8/siemens_slide1.jpg]
[www.fibersensing.com/media/casestudies/8/dscf0056.jpg]
[www.fibersensing.com/media/casestudies/8/img_0973.jpg]
[www.fibersensing.com/media/casestudies/8/dscf0039.jpg]
[www.fibersensing.com/media/casestudies/8/siemens_slide3.jpg]
[www.fibersensing.com/media/casestudies/8/siemens.png]
[www.fibersensing.com/media/casestudies/8/siemens3.mp4]
[www.fibersensing.com/media/casestudies/8/siemens2.ogg]
[www.fibersensing.com/media/casestudies/16/rossio_entrada.jpg]
[www.fibersensing.com/cases/siemens.html]
[www.fibersensing.com/media/casestudies/16/rossio_slide1_1.jpg]
[www.fibersensing.com/media/casestudies/16/t_nel_rossio2.jpg]
[www.fibersensing.com/media/casestudies/16/dsc04909.jpg]
[www.fibersensing.com/media/casestudies/16/0405rossio.jpg]
[www.fibersensing.com/media/casestudies/16/tunel.png]
[www.fibersensing.com/media/casestudies/16/tunel2.mp4]
[www.fibersensing.com/media/casestudies/16/tunel2.ogg]
[www.fibersensing.com/media/casestudies/19/railways_header.jpg]
[www.fibersensing.com/cases/rossio.html]
[www.fibersensing.com/media/casestudies/20/windmeter_header.jpg]
[www.fibersensing.com/media/casestudies/20/p2030046.jpg]
[www.fibersensing.com/media/casestudies/20/p2020026.jpg]
[www.fibersensing.com/media/casestudies/20/railways_slide3_1.jpg]
[www.fibersensing.com/media/casestudies/20/windmeter_foto.png]
[www.fibersensing.com/media/casestudies/20/wind.png]
[www.fibersensing.com/media/casestudies/20/wind.mp4]
[www.fibersensing.com/media/casestudies/20/wind.ogg]
[www.fibersensing.com/cases/windmeter.html]
[www.fibersensing.com/media/casestudies/19/railways_slide5_1.jpg]
[www.fibersensing.com/media/casestudies/19/railways_slide3_1.jpg]
[www.fibersensing.com/media/casestudies/19/4_1.jpg]
[www.fibersensing.com/media/casestudies/19/railways.png]
[www.fibersensing.com/media/casestudies/19/railways2.mp4]
[www.fibersensing.com/media/casestudies/19/railways2.ogg]
[www.fibersensing.com/media/casestudies/18/iter_entrada.jpg]
[www.fibersensing.com/cases/railways.html]
[www.fibersensing.com/media/casestudies/18/railways_slide1_1.jpg]
[www.fibersensing.com/media/casestudies/18/railways_slide2_1.jpg]
[www.fibersensing.com/media/casestudies/18/dsc00080.jpg]
[www.fibersensing.com/media/casestudies/18/iter.png]
[www.fibersensing.com/media/casestudies/18/iter2.mp4]
[www.fibersensing.com/media/casestudies/18/iter2.ogg]
[www.fibersensing.com/cases/iter.html]
[www.fibersensing.com/media/products/2/fs22_1.png]
[www.fibersensing.com/products/measurement-units/all.html]
[www.fibersensing.com/products/measurement-units/braggmeter-family.html]
[www.fibersensing.com/products/measurement-units/view/fs2100-fs2200-industrial-braggmeter-dyanmic.html]
[www.fibersensing.com/media/products/31/thumb_fs22.png]
[www.fibersensing.com/media/products/26/fs65_1.png]
[www.fibersensing.com/products/fbg-sensors/all.html]
[www.fibersensing.com/products/fbg-sensors/strain.html]
[www.fibersensing.com/products/fbg-sensors/temperature.html]
[www.fibersensing.com/products/fbg-sensors/acceleration.html]
[www.fibersensing.com/products/fbg-sensors/tilt.html]
[www.fibersensing.com/media/products/29/thumb_wts2.png]
[www.fibersensing.com/media/products/30/thumb_dtp.png]
[www.fibersensing.com/media/products/28/thumb_ets3.png]
[www.fibersensing.com/products/fbg-sensors/view/tilt-meter.html]
[www.fibersensing.com/media/products/25/thumb_tilt_2015_v2.jpg]
[www.fibersensing.com/media/products/23/thumb_cs2.png]
[www.fibersensing.com/products/fbg-sensors/view/fs6200-polyimide-strain-sensor.html]
[www.fibersensing.com/media/products/5/thumb_pss2_1.png]
[www.fibersensing.com/media/products/15/thumb_cs2.png]
[www.fibersensing.com/products/fbg-sensors/all/more.html]
[www.fibersensing.com/products/accessories/all.html]
[www.fibersensing.com/products/accessories/jumpers.html]
[www.fibersensing.com/products/accessories/adapters.html]
[www.fibersensing.com/products/accessories/view/fs-8x00-jumpers.html]
[www.fibersensing.com/media/products/45/thumb_accessories_destaque.jpg]
[www.fibersensing.com/products/accessories/view/fs-adapters.html]
[www.fibersensing.com/media/products/44/thumb_adapters_new.jpg]
[www.fibersensing.com/products.html]
[www.fibersensing.com/media/company/9/img_2853.jpg]
[www.fibersensing.com/media/company/9/bpi_2323.jpg]
[www.fibersensing.com/media/company/9/bpi_2120.jpg]
[www.fibersensing.com/media/company/9/bpi_2471.jpg]
[www.fibersensing.com/media/company/9/bpi_2378.jpg]
[www.fibersensing.com/public/files/contacts-slide1.jpg]
[www.fibersensing.com/contacts.html]
[www.fibersensing.com/public/files/home/world-home-flat.html]
[www.fibersensing.com/news/events/view/external.215.delayed]
[www.fibersensing.com/media/news/50/img_3558_2.jpg]
[www.fibersensing.com/news/events/view/windexpo-2015.html]
[www.fibersensing.com/media/news/52/hbmfibersensing_rgb_blue_alt_1.png]
[www.fibersensing.com/news/events/view/automaticon.html]
[www.fibersensing.com/news/our-news/view/external.21a.delayed]
[www.fibersensing.com/media/news/49/pc120170_gruppenfoto2.jpg]
[www.fibersensing.com/news/our-news/view/optical-sensors-for-iter-fusion-experiment.html]
[www.fibersensing.com/products/measurement-units/view/external.21d.delayed]
[www.fibersensing.com/media/products/2/fs22_02.png]
[www.fibersensing.com/media/products/2/fs22_03.png]
[www.fibersensing.com/media/products/2/fs22_04.png]
[www.fibersensing.com/media/products/2/fs22_05.png]
[www.fibersensing.com/products/measurement-units/view/fs2100-industrial-braggmeter/download/889.html]
[www.fibersensing.com/products/measurement-units/view/fs2100-industrial-braggmeter.html]
[www.fibersensing.com/media/products/9/2_galeria_de_imagens.jpg]
[www.fibersensing.com/products/measurement-units/view/fs4200-portable-braggmeter/download/893.html]
[www.fibersensing.com/products/measurement-units/view/fs4200-portable-braggmeter.html]
[www.fibersensing.com/products/fbg-sensors/view/external]
[www.fibersensing.com/media/products/26/acc3_1.png]
[www.fibersensing.com/media/products/26/accbase_1.png]
[www.fibersensing.com/products/fbg-sensors/view/single-axis-accelerometer/download/895.html]
[www.fibersensing.com/products/fbg-sensors/view/single-axis-accelerometer.html]
[www.fibersensing.com/media/products/18/2_galeria_de_imagens2_1.jpg]
[www.fibersensing.com/products/fbg-sensors/view/surface-strain-sensor/download/879.html]
[www.fibersensing.com/products/fbg-sensors/view/surface-strain-sensor.html]
[www.fibersensing.com/public/imgs/icon-onn.svg]
[www.fibersensing.com/public/imgs/icon-qren.svg]
[www.fibersensing.com/public/imgs/icon-ue.svg]
[fast.fonts.net/t/1ef15.css]
[www.fibersensing.com/public/scripts/grab.html]
[www.fibersensing.com/public/scripts/grabbing.html]
[www.fibersensing.com/public/scripts/blank.html]
[www.fibersensing.com/public/imgs/nav-main-bg.svg]
[www.fibersensing.com/public/imgs/icon-sound.svg]
[www.fibersensing.com/public/imgs/icon-back.svg]
[www.fibersensing.com/public/imgs/icon-fullscreen.svg]
[www.fibersensing.com/public/imgs/icon-bolas-lista-ok-small.svg]
[www.fibersensing.com/public/imgs/icon-bolas-lista-ok.svg]
[www.fibersensing.com/public/imgs/icon-setas-slideproducts.svg]
[www.fibersensing.com/public/imgs/id/id-hbm.svg]
[www.fibersensing.com/public/imgs/icon-casestudy.svg]
[www.fibersensing.com/public/imgs/icon-shareholders.svg]
[www.fibersensing.com/public/imgs/icon-shareholders-blue.svg]
[www.fibersensing.com/public/imgs/icon-i-info.svg]
[www.fibersensing.com/public/imgs/icon-about.svg]
[www.fibersensing.com/public/imgs/icon-seta-hist.svg]
[www.fibersensing.com/public/imgs/about-history-scale.svg]
[www.fibersensing.com/public/imgs/icon-video-replay.svg]
[www.fibersensing.com/public/imgs/icon-video-replay-dark.svg]
[www.fibersensing.com/public/imgs/icon-seta-slideshow.svg]
[www.fibersensing.com/public/imgs/icon-lightbox-check.svg]
[www.fibersensing.com/public/imgs/id/fibersensing.svg]
[www.fibersensing.com/media/company/1/icon_about.svg]
[www.fibersensing.com/company/view/external]
[www.fibersensing.com/public/files/company-video.jpg]
[www.fibersensing.com/company/view/fbg-technology.html]
[www.fibersensing.com/public/imgs/icon-onn-white.svg]
[www.fibersensing.com/public/imgs/icon-qren-white.svg]
[www.fibersensing.com/public/imgs/icon-ue-white.svg]
[www.fibersensing.com/news/external.232.delayed]
[www.fibersensing.com/media/news/49/list_pc120170_gruppenfoto.jpg]
[www.fibersensing.com/news/our-news/view/fs-workshop.html]
[www.fibersensing.com/media/news/48/list_dsc05023.jpg]
[www.fibersensing.com/news/our-news/view/hbm-acquires-fibersensing.html]
[www.fibersensing.com/media/news/33/list_hbm_acquires_fibersensing.png]
[www.fibersensing.com/news/our-news.html]
[www.fibersensing.com/news/in-the-news/view/2014-10-30-pais-positivo.html]
[www.fibersensing.com/media/news/47/list_pdf.jpg]
[www.fibersensing.com/news/in-the-news/view/echo.html]
[www.fibersensing.com/media/news/43/list_icon_pdf.gif]
[www.fibersensing.com/news/in-the-news/view/news-test-8.html]
[www.fibersensing.com/media/news/35/list_icon_pdf.gif]
[www.fibersensing.com/news/in-the-news/view/jornal-de-negocios.html]
[www.fibersensing.com/media/news/45/list_icon_pdf.gif]
[www.fibersensing.com/news/in-the-news/view/vida-economica.html]
[www.fibersensing.com/media/news/44/list_icon_pdf.gif]
[www.fibersensing.com/news/in-the-news.html]
[www.fibersensing.com/media/news/52/list_logo_events_2.jpg]
[www.fibersensing.com/media/news/50/list_img_3558.jpg]
[www.fibersensing.com/news/events.html]
[www.fibersensing.com/news/events/page/index.html]
[www.fibersensing.com/media/news/56/ofs.jpg]
[www.fibersensing.com/news/events/view/ofs24.html]
[www.fibersensing.com/public/imgs/circle-130-mask.svg]
[www.fibersensing.com/media/news/54/husumwind2015_md_rgb_2.png]
[www.fibersensing.com/news/events/view/husum-wind-energy.html]
[www.fibersensing.com/media/news/55/shmii_7.jpg]
[www.fibersensing.com/news/events/view/shmii-7.html]
[www.fibersensing.com/media/news/53/untitled_3.png]
[www.fibersensing.com/news/events/view/sensor-test.html]
[www.fibersensing.com/media/news/57/hbmfibersensing_rgb_blue_full.png]
[www.fibersensing.com/news/our-news/view/job-opportunities-typo3-developer.html]
[www.fibersensing.com/media/news/58/hbmfibersensing_rgb_blue_full.png]
[www.fibersensing.com/news/our-news/view/open-job-position-hardware-development-engineer.html]
[www.fibersensing.com/news/all/page/index.html]
[www.fibersensing.com/rd/external.html]
[www.fibersensing.com/rd/publications/view/wtc-20.html]
[www.fibersensing.com/rd/publications/view/icem.html]
[www.fibersensing.com/rd/publications/view/sefe-7.html]
[www.fibersensing.com/rd/publications/view/icso-2010.html]
[www.fibersensing.com/rd/publications/view/xgnfgnf.html]
[www.fibersensing.com/rd/publications/view/space-propulsion-2010.html]
[www.fibersensing.com/rd/publications/view/wtc-09.html]
[www.fibersensing.com/rd/publications/view/ascp-09.html]
[www.fibersensing.com/rd/publications/view/shmii-4.html]
[www.fibersensing.com/rd/publications/view/ofs-20.html]
[www.fibersensing.com/rd/publications/view/ofs-20-13.html]
[www.fibersensing.com/rd/publications/view/iccs-15.html]
[www.fibersensing.com/rd/publications.html]
[www.fibersensing.com/rd/publications/page/index.html]
[www.fibersensing.com/rd/projects/external.260.delayed]
[www.fibersensing.com/rd/projects/ongoing.html]
[www.fibersensing.com/rd/projects/concluded/view/prosensor.html]
[www.fibersensing.com/media/rdprojects/5/fbg_setup2_png.png]
[www.fibersensing.com/rd/projects/concluded/view/nextgenpcf.html]
[www.fibersensing.com/media/rdprojects/4/nextgenpcf_png_copy.png]
[www.fibersensing.com/rd/projects/concluded/view/smart-reinforcement.html]
[www.fibersensing.com/media/rdprojects/8/dsc01859.jpg]
[www.fibersensing.com/rd/projects/concluded.html]
[www.fibersensing.com/rd/projects/ongoing/view/external.269.delayed]
[www.fibersensing.com/public/imgs/no-image.jpg]
[www.fibersensing.com/rd/projects/ongoing/view/flpp-phase-3.html]
[www.fibersensing.com/media/rdprojects/11/detail_20140918_160609.jpg]
[www.fibersensing.com/media/rdprojects/11/20140918_160618.jpg]
[www.fibersensing.com/rd/projects/ongoing/view/artes-5-2.html]
[www.fibersensing.com/rd/projects/ongoing/view/tidal-ec.html]
[www.fibersensing.com/rd/projects/ongoing/view/minibragg.html]
[www.fibersensing.com/rd/projects/concluded/view/external.271.delayed]
[www.fibersensing.com/media/rdprojects/7/detail_100_1539_1.jpg]
[www.fibersensing.com/media/rdprojects/7/100_1539.274.delayed]
[www.fibersensing.com/rd/projects/concluded/view/satellite.html]
[www.fibersensing.com/media/rdprojects/6/detail_microaligner.jpg]
[www.fibersensing.com/media/rdprojects/6/microaligner_1.jpg]
[www.fibersensing.com/rd/projects/concluded/view/micropack.html]
[www.fibersensing.com/rd/projects/all/page/index.html]
[www.fibersensing.com/market/external.html]
[www.fibersensing.com/public/files/market/civil-video-world.html]
[www.fibersensing.com/market/civil/view/external.278.delayed]
[www.fibersensing.com/media/applications/37/le_a.jpg]
[www.fibersensing.com/media/applications/37/dsc08160.jpg]
[www.fibersensing.com/media/applications/37/dsc08144.jpg]
[www.fibersensing.com/market/civil/view/temperature-monitoring-ponte-de-leca.html]
[www.fibersensing.com/media/applications/2/img_0167.jpg]
[www.fibersensing.com/media/applications/2/img_0399.jpg]
[www.fibersensing.com/media/applications/2/img_0251.jpg]
[www.fibersensing.com/market/civil/view/shm-of-concrete-bridge.html]
[www.fibersensing.com/media/applications/6/dsc08506.jpg]
[www.fibersensing.com/media/applications/6/dsc07984.jpg]
[www.fibersensing.com/media/applications/6/dsc07521.jpg]
[www.fibersensing.com/market/civil/view/shm.html]
[www.fibersensing.com/media/applications/36/dsc04771.jpg]
[www.fibersensing.com/media/applications/36/dsc00959.jpg]
[www.fibersensing.com/media/applications/36/dsc00920.jpg]
[www.fibersensing.com/market/civil/view/stress-monitoring-aveiro.html]
[www.fibersensing.com/market/civil/template1/1.html]
[www.fibersensing.com/market/civil/template1/2.html]
[www.fibersensing.com/market/civil/template1/3.html]
[www.fibersensing.com/media/applications/7/t_nel_rossio2.jpg]
[www.fibersensing.com/media/applications/7/dsc02946.jpg]
[www.fibersensing.com/media/applications/7/dsc04909.jpg]
[www.fibersensing.com/media/applications/7/0405rossio.jpg]
[www.fibersensing.com/market/civil/view/deformation-and-convergence-measurement.html]
[www.fibersensing.com/media/applications/9/photo_0573.jpg]
[www.fibersensing.com/media/applications/9/photo_0569.jpg]
[www.fibersensing.com/media/applications/9/photo_0563.jpg]
[www.fibersensing.com/market/civil/view/stress-monitoring.html]
[www.fibersensing.com/media/products/29/wts2.jpg]
[www.fibersensing.com/products/fbg-sensors/view/fs6300-weldable-temperature-sensor/download/887.html]
[www.fibersensing.com/products/fbg-sensors/view/fs6300-weldable-temperature-sensor.html]
[www.fibersensing.com/media/products/28/ets2.png]
[www.fibersensing.com/products/fbg-sensors/view/fs6300-embedded-temperature-sensor/download/886.html]
[www.fibersensing.com/products/fbg-sensors/view/fs6300-embedded-temperature-sensor.html]
[www.fibersensing.com/media/products/20/ess2_1.png]
[www.fibersensing.com/products/fbg-sensors/view/embedded-strain-sensor/download/881.html]
[www.fibersensing.com/products/fbg-sensors/view/embedded-strain-sensor.html]
[www.fibersensing.com/market/energy/view/external]
[www.fibersensing.com/media/applications/12/img_0973.jpg]
[www.fibersensing.com/media/applications/12/dscf0070.jpg]
[www.fibersensing.com/media/applications/12/dscf0056.jpg]
[www.fibersensing.com/media/applications/12/dscf0039.jpg]
[www.fibersensing.com/market/energy/view/vibration-monitoring-oem-system-12.html]
[www.fibersensing.com/media/applications/13/copy_of_p9230205.jpg]
[www.fibersensing.com/media/applications/13/resizeddscf0014.jpg]
[www.fibersensing.com/media/applications/13/dscf0055.jpg]
[www.fibersensing.com/market/energy/view/temperature-monitoring-oem-system.html]
[www.fibersensing.com/media/applications/10/img_3380.jpg]
[www.fibersensing.com/media/applications/10/img_3396.jpg]
[www.fibersensing.com/market/energy/view/hot-spot-monitoring.html]
[www.fibersensing.com/media/products/30/dtp2.png]
[www.fibersensing.com/products/fbg-sensors/view/fs6300-high-temperature-dielectric-probe/download/755.html]
[www.fibersensing.com/products/fbg-sensors/view/fs6300-high-temperature-dielectric-probe.html]
[www.fibersensing.com/media/products/23/css2_1.png]
[www.fibersensing.com/products/fbg-sensors/view/composite-temperature-sensor/download/883.html]
[www.fibersensing.com/products/fbg-sensors/view/composite-temperature-sensor.html]
[www.fibersensing.com/media/products/15/css2.png]
[www.fibersensing.com/products/fbg-sensors/view/fs6200-strain-sensors/download/877.html]
[www.fibersensing.com/products/fbg-sensors/view/fs6200-strain-sensors.html]
[www.fibersensing.com/public/files/market/fibra-1-2-glow.gif]
[www.fibersensing.com/market/aerospace/view/external]
[www.fibersensing.com/media/applications/42/100_1539.jpg]
[www.fibersensing.com/media/applications/42/picture6.2b4.delayed]
[www.fibersensing.com/media/applications/42/picture_002.jpg]
[www.fibersensing.com/media/applications/42/100_1579.jpg]
[www.fibersensing.com/market/aerospace/view/spacecraft-health-monitoring-42.html]
[www.fibersensing.com/media/applications/33/img00100_20090512_1714.jpg]
[www.fibersensing.com/media/applications/33/img00112_20090513_1149.jpg]
[www.fibersensing.com/media/applications/33/img00103_20090512_1721.jpg]
[www.fibersensing.com/media/applications/33/img00086_20090512_1455.jpg]
[www.fibersensing.com/media/applications/33/img00102_20090512_1716.jpg]
[www.fibersensing.com/market/aerospace/view/strain-monitoring-33.html]
[www.fibersensing.com/market/aerospace/template2/1.html]
[www.fibersensing.com/market/aerospace/template2/2.html]
[www.fibersensing.com/media/applications/26/ensaio_para_o_sistema_de_monitoriza_o_de_temperatura_nos_motores_ionicos_de_propuls_o_electrica_crisa_1_2.jpg]
[www.fibersensing.com/media/applications/26/picture1_copy.jpg]
[www.fibersensing.com/market/aerospace/view/satellite-health-monitoring.html]
[www.fibersensing.com/media/applications/22/2013_05_30_12_12_20_1.jpg]
[www.fibersensing.com/media/applications/22/2013_05_31_09_35_34.jpg]
[www.fibersensing.com/media/applications/22/2013_05_31_09_35_40.jpg]
[www.fibersensing.com/market/aerospace/view/strain-monitoring-22.html]
[www.fibersensing.com/media/applications/24/airbus.jpg]
[www.fibersensing.com/media/applications/24/picture_009.2c6.delayed]
[www.fibersensing.com/media/applications/24/dsc03072.jpg]
[www.fibersensing.com/market/aerospace/view/strain-monitoring-24.html]
[www.fibersensing.com/media/applications/23/aviao_copy.jpg]
[www.fibersensing.com/media/applications/23/pb160013.jpg]
[www.fibersensing.com/media/applications/23/type2_dsc01722_1.jpg]
[www.fibersensing.com/media/applications/23/dsc01722.2cc.delayed]
[www.fibersensing.com/market/aerospace/view/strain-monitoring-23.html]
[www.fibersensing.com/market/wind/view/external]
[www.fibersensing.com/media/applications/14/20140826_103444.jpg]
[www.fibersensing.com/media/applications/14/20140829_112415_1.jpg]
[www.fibersensing.com/media/applications/14/20140829_122545.jpg]
[www.fibersensing.com/market/wind/view/load-test.html]
[www.fibersensing.com/media/applications/21/2011_01_18_16_20_31_1.jpg]
[www.fibersensing.com/media/applications/21/2011_02_22_10_47_25.jpg]
[www.fibersensing.com/media/applications/21/2011_01_18_10_29_17.jpg]
[www.fibersensing.com/market/wind/view/design-validation.html]
[www.fibersensing.com/media/applications/19/20130924_092654.jpg]
[www.fibersensing.com/media/applications/19/p1000597.2d8.delayed]
[www.fibersensing.com/media/applications/19/p1000600_2.jpg]
[www.fibersensing.com/market/wind/view/condition-monitoring-system-19.html]
[www.fibersensing.com/media/applications/18/2012_08_02_10_40_50_1.jpg]
[www.fibersensing.com/media/applications/18/p9170029.jpg]
[www.fibersensing.com/media/applications/18/p9170007.jpg]
[www.fibersensing.com/market/wind/view/strain-monitoring-18.html]
[www.fibersensing.com/market/wind/template1/1.html]
[www.fibersensing.com/market/wind/template1/2.html]
[www.fibersensing.com/media/applications/17/dscn0587.jpg]
[www.fibersensing.com/media/applications/17/p1030813.jpg]
[www.fibersensing.com/media/applications/17/img_1290_3.jpg]
[www.fibersensing.com/media/applications/17/img_1294_4.jpg]
[www.fibersensing.com/market/wind/view/strain-monitoring.html]
[www.fibersensing.com/media/applications/16/20130827_191537_1.jpg]
[www.fibersensing.com/media/applications/16/20130827_191611.jpg]
[www.fibersensing.com/market/wind/view/pitch-control-16.html]
[www.fibersensing.com/public/imgs/icon-defense.svg]
[www.fibersensing.com/public/imgs/icon-industry.svg]
[www.fibersensing.com/public/imgs/icon-oil.svg]
[www.fibersensing.com/public/imgs/icon-lab.svg]
[www.fibersensing.com/public/imgs/icon-university.svg]
[www.fibersensing.com/market/other/view/external.2e6.delayed]
[www.fibersensing.com/media/applications/40/120110_sy521_010_jpg.jpg]
[www.fibersensing.com/media/applications/40/110401_n_sf508_181_jpg.2e9.delayed]
[www.fibersensing.com/market/other/view/vibration-monitoring-40.html]
[www.fibersensing.com/media/applications/41/harbour.jpg]
[www.fibersensing.com/media/applications/41/picture4.jpg]
[www.fibersensing.com/market/other/view/load-sensing.html]
[www.fibersensing.com/media/applications/35/2.png]
[www.fibersensing.com/media/applications/35/1_copy.png]
[www.fibersensing.com/market/other/view/p-t-down-hole-monitoring.html]
[www.fibersensing.com/media/applications/34/dsc01583.jpg]
[www.fibersensing.com/media/applications/34/dsc01584.2f2.delayed]
[www.fibersensing.com/media/applications/34/1_2.jpg]
[www.fibersensing.com/market/other/view/strain-monitoring-34.html]
[www.fibersensing.com/media/applications/31/sdfds.jpg]
[www.fibersensing.com/media/applications/31/drawing11.jpg]
[www.fibersensing.com/media/applications/31/1.jpg]
[www.fibersensing.com/market/other/view/strain-monitoring-31.html]
[www.fibersensing.com/media/applications/29/dscn4038.jpg]
[www.fibersensing.com/media/applications/29/dsc00168.jpg]
[www.fibersensing.com/media/applications/29/iter_reactor.2fb.delayed]
[www.fibersensing.com/market/other/view/strain-temperature-and-displacement-monitoring.html]
[www.fibersensing.com/cases/external.html]
[www.fibersensing.com/media/casestudies/8/entrada.jpg]
[www.fibersensing.com/products/measurement-units/all.html]
[www.fibersensing.com/products/measurement-units/braggmeter-family.html]
[www.fibersensing.com/media/products/31/fs22_02.png]
[www.fibersensing.com/media/products/31/fs22_03.png]
[www.fibersensing.com/media/products/31/fs22_04.png]
[www.fibersensing.com/media/products/31/fs22_05.png]
[www.fibersensing.com/products/measurement-units/view/fs2100-fs2200-industrial-braggmeter-dyanmic/download/756.html]
[www.fibersensing.com/products/measurement-units/view/fs2100-fs2200-industrial-braggmeter-dyanmic.html]
[www.fibersensing.com/products/fbg-sensors/all.html]
[www.fibersensing.com/media/products/20/thumb_sensores_destaque2.png]
[www.fibersensing.com/products/fbg-sensors/view/weldable-strain-sensor.html]
[www.fibersensing.com/media/products/17/thumb_weldable1_1.jpg]
[www.fibersensing.com/products/fbg-sensors/view/fs6200-athermal-strain-sensor.html]
[www.fibersensing.com/media/products/33/thumb_at_rmico1.jpg]
[www.fibersensing.com/products/fbg-sensors/strain.html]
[www.fibersensing.com/products/fbg-sensors/temperature.html]
[www.fibersensing.com/products/fbg-sensors/acceleration.html]
[www.fibersensing.com/products/fbg-sensors/tilt.html]
[www.fibersensing.com/media/products/25/tilt2.jpg]
[www.fibersensing.com/media/products/25/tilt_2015_2.jpg]
[www.fibersensing.com/products/fbg-sensors/view/tilt-meter/download/884.html]
[www.fibersensing.com/products/fbg-sensors/view/tilt-meter.html]
[www.fibersensing.com/media/products/5/pss22_1.jpg]
[www.fibersensing.com/products/fbg-sensors/view/fs6200-polyimide-strain-sensor/download/876.html]
[www.fibersensing.com/products/fbg-sensors/view/fs6200-polyimide-strain-sensor.html]
[www.fibersensing.com/products/fbg-sensors/all/more.html]
[www.fibersensing.com/products/accessories/all.html]
[www.fibersensing.com/products/accessories/jumpers.html]
[www.fibersensing.com/products/accessories/adapters.html]
[www.fibersensing.com/products/accessories/view/external]
[www.fibersensing.com/media/products/45/accessories_gradiente.jpg]
[www.fibersensing.com/products/accessories/view/fs-8x00-jumpers.html]
[www.fibersensing.com/media/products/44/adapters_grad.jpg]
[www.fibersensing.com/media/products/44/sc_apc2.jpg]
[www.fibersensing.com/products/accessories/view/fs-adapters.html]
[www.fibersensing.com/news/events/view/external.html]
[www.fibersensing.com/news/our-news/view/external.html]
[www.fibersensing.com/products/measurement-units/view/external.html]
[www.fibersensing.com/products/measurement-units/view/fs2100-industrial-braggmeter/download/external.314.delayed]
[www.fibersensing.com/products/measurement-units/view/fs2100-industrial-braggmeter/download/889.html]
[www.fibersensing.com/products/measurement-units/view/fs4200-portable-braggmeter/download/external]
[www.fibersensing.com/products/measurement-units/view/fs4200-portable-braggmeter/download/893.html]
[www.fibersensing.com/products/fbg-sensors/view/external.html]
[www.fibersensing.com/products/fbg-sensors/view/single-axis-accelerometer/download/external]
[www.fibersensing.com/products/fbg-sensors/view/single-axis-accelerometer/download/895.html]
[www.fibersensing.com/products/fbg-sensors/view/surface-strain-sensor/download/external]
[www.fibersensing.com/products/fbg-sensors/view/surface-strain-sensor/download/879.html]
[www.fibersensing.com/company/view/external.html]
[www.fibersensing.com/news/external.html]
[www.fibersensing.com/media/news/48/dsc05029.jpg]
[www.fibersensing.com/media/news/48/dsc05026.jpg]
[www.fibersensing.com/media/news/48/dsc05024.jpg]
[www.fibersensing.com/news/our-news/view/fs-workshop.html]
[www.fibersensing.com/media/news/33/hbm_acquires_fibersensing_1.png]
[www.fibersensing.com/news/our-news/view/hbm-acquires-fibersensing.html]
[www.fibersensing.com/news/in-the-news/view/external]
[www.fibersensing.com/public/pdfjs/web/viewer3cdc.html]
[www.fibersensing.com/news/in-the-news/view/2014-10-30-pais-positivo.html]
[www.fibersensing.com/public/pdfjs/web/viewer5dca.html]
[www.fibersensing.com/news/in-the-news/view/echo.html]
[www.fibersensing.com/public/pdfjs/web/viewer2452.html]
[www.fibersensing.com/news/in-the-news/view/news-test-8.html]
[www.fibersensing.com/public/pdfjs/web/viewercd23.html]
[www.fibersensing.com/news/in-the-news/view/jornal-de-negocios.html]
[www.fibersensing.com/public/pdfjs/web/viewerb441.html]
[www.fibersensing.com/news/in-the-news/view/vida-economica.html]
[www.fibersensing.com/news/events/page/index.html]
[www.fibersensing.com/rd/publications/view/external]
[www.fibersensing.com/rd/publications/view/wtc-20.html]
[www.fibersensing.com/rd/publications/view/icem.html]
[www.fibersensing.com/rd/publications/view/sefe-7.html]
[www.fibersensing.com/rd/publications/view/icso-2010.html]
[www.fibersensing.com/rd/publications/view/xgnfgnf.html]
[www.fibersensing.com/rd/publications/view/space-propulsion-2010.html]
[www.fibersensing.com/rd/publications/view/wtc-09.html]
[www.fibersensing.com/rd/publications/view/ascp-09.html]
[www.fibersensing.com/rd/publications/view/shmii-4.html]
[www.fibersensing.com/rd/publications/view/ofs-20.html]
[www.fibersensing.com/rd/publications/view/ofs-20-13.html]
[www.fibersensing.com/rd/publications/view/iccs-15.html]
[www.fibersensing.com/rd/publications/page/index.html]
[www.fibersensing.com/rd/projects/external.html]
[www.fibersensing.com/media/rdprojects/5/detail_fbg_setup2_png.png]
[www.fibersensing.com/rd/projects/concluded/view/prosensor.html]
[www.fibersensing.com/media/rdprojects/4/detail_nextgenpcf_png_copy.png]
[www.fibersensing.com/rd/projects/concluded/view/nextgenpcf.html]
[www.fibersensing.com/media/rdprojects/8/detail_dsc01859.jpg]
[www.fibersensing.com/rd/projects/concluded/view/smart-reinforcement.html]
[www.fibersensing.com/rd/projects/ongoing/view/external.html]
[www.fibersensing.com/rd/projects/concluded/view/external.html]
[www.fibersensing.com/media/rdprojects/7/100_1539.html]
[www.fibersensing.com/market/civil/view/external.html]
[www.fibersensing.com/products/fbg-sensors/view/fs6300-weldable-temperature-sensor/download/external.340.delayed]
[www.fibersensing.com/products/fbg-sensors/view/fs6300-weldable-temperature-sensor/download/887.html]
[www.fibersensing.com/products/fbg-sensors/view/fs6300-embedded-temperature-sensor/download/external]
[www.fibersensing.com/products/fbg-sensors/view/fs6300-embedded-temperature-sensor/download/886.html]
[www.fibersensing.com/products/fbg-sensors/view/embedded-strain-sensor/download/external]
[www.fibersensing.com/products/fbg-sensors/view/embedded-strain-sensor/download/881.html]
[www.fibersensing.com/market/energy/view/external.html]
[www.fibersensing.com/products/fbg-sensors/view/fs6300-high-temperature-dielectric-probe/download/external]
[www.fibersensing.com/products/fbg-sensors/view/fs6300-high-temperature-dielectric-probe/download/755.html]
[www.fibersensing.com/products/fbg-sensors/view/composite-temperature-sensor/download/external]
[www.fibersensing.com/products/fbg-sensors/view/composite-temperature-sensor/download/883.html]
[www.fibersensing.com/products/fbg-sensors/view/fs6200-strain-sensors/download/external]
[www.fibersensing.com/products/fbg-sensors/view/fs6200-strain-sensors/download/877.html]
[www.fibersensing.com/market/aerospace/view/external.html]
[www.fibersensing.com/media/applications/42/picture6.html]
[www.fibersensing.com/media/applications/24/picture_009.html]
[www.fibersensing.com/media/applications/23/dsc01722.html]
[www.fibersensing.com/market/wind/view/external.html]
[www.fibersensing.com/media/applications/19/p1000597.html]
[www.fibersensing.com/market/other/view/external.html]
[www.fibersensing.com/media/applications/40/110401_n_sf508_181_jpg.html]
[www.fibersensing.com/media/applications/34/dsc01584.html]
[www.fibersensing.com/media/applications/29/iter_reactor.html]
[www.fibersensing.com/products/measurement-units/view/fs2100-fs2200-industrial-braggmeter-dyanmic/download/external]
[www.fibersensing.com/products/measurement-units/view/fs2100-fs2200-industrial-braggmeter-dyanmic/download/756.html]
[www.fibersensing.com/media/products/17/weldable2.jpg]
[www.fibersensing.com/products/fbg-sensors/view/weldable-strain-sensor/download/878.html]
[www.fibersensing.com/products/fbg-sensors/view/weldable-strain-sensor.html]
[www.fibersensing.com/media/products/33/at_rmico2.jpg]
[www.fibersensing.com/products/fbg-sensors/view/fs6200-athermal-strain-sensor/download/954.html]
[www.fibersensing.com/products/fbg-sensors/view/fs6200-athermal-strain-sensor.html]
[www.fibersensing.com/products/fbg-sensors/view/tilt-meter/download/external]
[www.fibersensing.com/products/fbg-sensors/view/tilt-meter/download/884.html]
[www.fibersensing.com/products/fbg-sensors/view/fs6200-polyimide-strain-sensor/download/external]
[www.fibersensing.com/products/fbg-sensors/view/fs6200-polyimide-strain-sensor/download/876.html]
[www.fibersensing.com/products/accessories/view/external.html]
[www.fibersensing.com/products/measurement-units/view/fs2100-industrial-braggmeter/download/external.html]
[www.fibersensing.com/products/measurement-units/view/fs4200-portable-braggmeter/download/external.html]
[www.fibersensing.com/products/fbg-sensors/view/single-axis-accelerometer/download/external.html]
[www.fibersensing.com/products/fbg-sensors/view/surface-strain-sensor/download/external.html]
[www.fibersensing.com/news/in-the-news/view/external.html]
[www.fibersensing.com/public/pdfjs/web/viewer.css]
[www.fibersensing.com/public/pdfjs/web/compatibility.js]
[www.fibersensing.com/public/pdfjs/web/locale/locale.properties]
[www.fibersensing.com/public/pdfjs/web/l10n.js]
[www.fibersensing.com/public/pdfjs/build/pdf.js]
[www.fibersensing.com/public/pdfjs/web/debugger.js]
[www.fibersensing.com/public/pdfjs/web/viewer.js]
[www.fibersensing.com/public/pdfjs/web/viewer3cdc.html]
[www.fibersensing.com/public/pdfjs/web/viewer5dca.html]
[www.fibersensing.com/public/pdfjs/web/viewer2452.html]
[www.fibersensing.com/public/pdfjs/web/viewercd23.html]
[www.fibersensing.com/public/pdfjs/web/viewerb441.html]
[www.fibersensing.com/rd/publications/view/external.html]
[www.fibersensing.com/media/rdprojects/5/detail_fbg_setup2_png.png]
[www.fibersensing.com/products/fbg-sensors/view/fs6300-weldable-temperature-sensor/download/external.html]
[www.fibersensing.com/products/fbg-sensors/view/fs6300-embedded-temperature-sensor/download/external.html]
[www.fibersensing.com/products/fbg-sensors/view/embedded-strain-sensor/download/external.html]
[www.fibersensing.com/products/fbg-sensors/view/fs6300-high-temperature-dielectric-probe/download/external.html]
[www.fibersensing.com/products/fbg-sensors/view/composite-temperature-sensor/download/external.html]
[www.fibersensing.com/products/fbg-sensors/view/fs6200-strain-sensors/download/external.html]
[www.fibersensing.com/products/measurement-units/view/fs2100-fs2200-industrial-braggmeter-dyanmic/download/external.html]
[www.fibersensing.com/products/fbg-sensors/view/weldable-strain-sensor/download/external.35f.delayed]
[www.fibersensing.com/products/fbg-sensors/view/weldable-strain-sensor/download/878.html]
[www.fibersensing.com/products/fbg-sensors/view/fs6200-athermal-strain-sensor/download/external]
[www.fibersensing.com/products/fbg-sensors/view/fs6200-athermal-strain-sensor/download/954.html]
[www.fibersensing.com/products/fbg-sensors/view/tilt-meter/download/external.html]
[www.fibersensing.com/products/fbg-sensors/view/fs6200-polyimide-strain-sensor/download/external.html]
[www.fibersensing.com/public/pdfjs/web/images/texture.png]
[www.fibersensing.com/public/pdfjs/web/images/loading-small.png]
[www.fibersensing.com/public/pdfjs/web/images/toolbarButton-menuArrows.png]
[www.fibersensing.com/public/pdfjs/web/images/toolbarButton-sidebarToggle.png]
[www.fibersensing.com/public/pdfjs/web/images/toolbarButton-sidebarToggle-rtl.png]
[www.fibersensing.com/public/pdfjs/web/images/toolbarButton-secondaryToolbarToggle.png]
[www.fibersensing.com/public/pdfjs/web/images/toolbarButton-secondaryToolbarToggle-rtl.png]
[www.fibersensing.com/public/pdfjs/web/images/findbarButton-previous.png]
[www.fibersensing.com/public/pdfjs/web/images/findbarButton-previous-rtl.png]
[www.fibersensing.com/public/pdfjs/web/images/findbarButton-next.png]
[www.fibersensing.com/public/pdfjs/web/images/findbarButton-next-rtl.png]
[www.fibersensing.com/public/pdfjs/web/images/toolbarButton-pageUp.png]
[www.fibersensing.com/public/pdfjs/web/images/toolbarButton-pageUp-rtl.png]
[www.fibersensing.com/public/pdfjs/web/images/toolbarButton-pageDown.png]
[www.fibersensing.com/public/pdfjs/web/images/toolbarButton-pageDown-rtl.png]
[www.fibersensing.com/public/pdfjs/web/images/toolbarButton-zoomOut.png]
[www.fibersensing.com/public/pdfjs/web/images/toolbarButton-zoomIn.png]
[www.fibersensing.com/public/pdfjs/web/images/toolbarButton-presentationMode.png]
[www.fibersensing.com/public/pdfjs/web/images/toolbarButton-print.png]
[www.fibersensing.com/public/pdfjs/web/images/toolbarButton-openFile.png]
[www.fibersensing.com/public/pdfjs/web/images/toolbarButton-download.png]
[www.fibersensing.com/public/pdfjs/web/images/toolbarButton-bookmark.png]
[www.fibersensing.com/public/pdfjs/web/images/toolbarButton-viewThumbnail.png]
[www.fibersensing.com/public/pdfjs/web/images/toolbarButton-viewOutline.png]
[www.fibersensing.com/public/pdfjs/web/images/toolbarButton-viewOutline-rtl.png]
[www.fibersensing.com/public/pdfjs/web/images/toolbarButton-viewAttachments.png]
[www.fibersensing.com/public/pdfjs/web/images/toolbarButton-search.png]
[www.fibersensing.com/public/pdfjs/web/images/secondaryToolbarButton-firstPage.png]
[www.fibersensing.com/public/pdfjs/web/images/secondaryToolbarButton-lastPage.png]
[www.fibersensing.com/public/pdfjs/web/images/secondaryToolbarButton-rotateCcw.png]
[www.fibersensing.com/public/pdfjs/web/images/secondaryToolbarButton-rotateCw.png]
[www.fibersensing.com/public/pdfjs/web/images/secondaryToolbarButton-handTool.png]
[www.fibersensing.com/public/pdfjs/web/images/secondaryToolbarButton-documentProperties.png]
[www.fibersensing.com/public/pdfjs/web/images/shadow.png]
[www.fibersensing.com/public/pdfjs/web/images/loading-icon.gif]
[www.fibersensing.com/public/pdfjs/web/images/grab.cur]
[www.fibersensing.com/public/pdfjs/web/images/grabbing.cur]
[www.fibersensing.com/public/pdfjs/web/images/toolbarButton-menuArrows@2x.png]
[www.fibersensing.com/public/pdfjs/web/images/toolbarButton-sidebarToggle@2x.png]
[www.fibersensing.com/public/pdfjs/web/images/toolbarButton-sidebarToggle-rtl@2x.png]
[www.fibersensing.com/public/pdfjs/web/images/toolbarButton-secondaryToolbarToggle@2x.png]
[www.fibersensing.com/public/pdfjs/web/images/toolbarButton-secondaryToolbarToggle-rtl@2x.png]
[www.fibersensing.com/public/pdfjs/web/images/findbarButton-previous@2x.png]
[www.fibersensing.com/public/pdfjs/web/images/findbarButton-previous-rtl@2x.png]
[www.fibersensing.com/public/pdfjs/web/images/findbarButton-next@2x.png]
[www.fibersensing.com/public/pdfjs/web/images/findbarButton-next-rtl@2x.png]
[www.fibersensing.com/public/pdfjs/web/images/toolbarButton-pageUp@2x.png]
[www.fibersensing.com/public/pdfjs/web/images/toolbarButton-pageUp-rtl@2x.png]
[www.fibersensing.com/public/pdfjs/web/images/toolbarButton-pageDown@2x.png]
[www.fibersensing.com/public/pdfjs/web/images/toolbarButton-pageDown-rtl@2x.png]
[www.fibersensing.com/public/pdfjs/web/images/toolbarButton-zoomIn@2x.png]
[www.fibersensing.com/public/pdfjs/web/images/toolbarButton-zoomOut@2x.png]
[www.fibersensing.com/public/pdfjs/web/images/toolbarButton-presentationMode@2x.png]
[www.fibersensing.com/public/pdfjs/web/images/toolbarButton-print@2x.png]
[www.fibersensing.com/public/pdfjs/web/images/toolbarButton-openFile@2x.png]
[www.fibersensing.com/public/pdfjs/web/images/toolbarButton-download@2x.png]
[www.fibersensing.com/public/pdfjs/web/images/toolbarButton-bookmark@2x.png]
[www.fibersensing.com/public/pdfjs/web/images/toolbarButton-viewThumbnail@2x.png]
[www.fibersensing.com/public/pdfjs/web/images/toolbarButton-viewOutline@2x.png]
[www.fibersensing.com/public/pdfjs/web/images/toolbarButton-viewOutline-rtl@2x.png]
[www.fibersensing.com/public/pdfjs/web/images/toolbarButton-viewAttachments@2x.png]
[www.fibersensing.com/public/pdfjs/web/images/toolbarButton-search@2x.png]
[www.fibersensing.com/public/pdfjs/web/images/secondaryToolbarButton-firstPage@2x.png]
[www.fibersensing.com/public/pdfjs/web/images/secondaryToolbarButton-lastPage@2x.png]
[www.fibersensing.com/public/pdfjs/web/images/secondaryToolbarButton-rotateCcw@2x.png]
[www.fibersensing.com/public/pdfjs/web/images/secondaryToolbarButton-rotateCw@2x.png]
[www.fibersensing.com/public/pdfjs/web/images/secondaryToolbarButton-handTool@2x.png]
[www.fibersensing.com/public/pdfjs/web/images/secondaryToolbarButton-documentProperties@2x.png]
[www.fibersensing.com/public/pdfjs/web/viewer.css]
[www.fibersensing.com/products/fbg-sensors/view/weldable-strain-sensor/download/external.html]
[www.fibersensing.com/products/fbg-sensors/view/fs6200-athermal-strain-sensor/download/external.html]
